---
source: crates/ruline-field/tests/field.rs
expression: result.unwrap_err().to_string()
---
invalid type: integer `42`, expected a string
