---
source: crates/ruline-field/tests/field.rs
expression: result.unwrap_err().to_string()
---
Variable `foo` not found
