---
source: crates/ruline-field/tests/field.rs
expression: result.unwrap_err().to_string()
---
`/foo/bar/baz` in output `30` not found
