---
source: crates/ruline-field/tests/function.rs
expression: result.unwrap_err().to_string()
---
Expected at least 1 arguments, got 0
