---
source: crates/ruline-field/tests/function.rs
expression: result.unwrap_err().to_string()
---
Argument type invalid
