---
source: crates/ruline-action/tests/set_variable.rs
expression: error.to_string()
---
invalid type: integer `300`, expected a string
