---
source: crates/ruline-condition/tests/comparison.rs
expression: error.to_string()
---
Expected 2 operands, got 0
