---
source: crates/ruline-condition/tests/comparison.rs
expression: error.to_string()
---
Expected at least 1 operands, got 0
