---
source: crates/ruline-condition/tests/comparison.rs
expression: error.to_string()
---
Expected at least 2 operands, got 1
