---
source: crates/ruline-condition/tests/comparison.rs
expression: error.to_string()
---
Operands type invalid
