---
source: crates/ruline-condition/tests/condition.rs
expression: error.to_string()
---
missing field `type`
