---
source: crates/ruline-condition/tests/condition.rs
expression: error.to_string()
---
invalid type: sequence, expected a map
