---
source: crates/ruline-condition/tests/condition.rs
expression: error.to_string()
---
invalid type: integer `1`, expected string or map
