---
source: crates/ruline-condition/tests/condition.rs
expression: error.to_string()
---
unknown variant `invalid`, expected `binary` or `decision`
