---
source: crates/ruline-condition/tests/condition.rs
expression: err.to_string()
---
Invalid operation condition
