---
source: crates/ruline-workflow/tests/workflow.rs
expression: "Workflow::try_from(definition).unwrap_err().to_string()"
---
invalid type: string "white", expected internally tagged enum FieldDefinition
