---
source: crates/ruline-workflow/tests/workflow.rs
expression: "Workflow::try_from(definition).unwrap_err().to_string()"
---
missing field `type`
