---
source: crates/ruline-workflow/tests/workflow.rs
expression: "Workflow::try_from(definition).unwrap_err().to_string()"
---
Dependant `6` for component `5` not found
