---
source: crates/ruline-workflow/tests/workflow.rs
expression: workflow.validate().unwrap_err().to_string()
---
Cycle detected
